// Jest Snapshot v1, https://goo.gl/fbAQLP

exports[`Split screen and typing in secondary works 1`] = `"doc(heading(\\"test-123\\"), paragraph(\\"Hello world!\\"))"`;
