// Jest Snapshot v1, https://goo.gl/fbAQLP

exports[`BacklinkNode clicking no click if path validation fails 1`] = `
<div>
  <button
    class="b-inline-backlink_backlink b-inline-backlink_backlinkNotFound"
    draggable="false"
  >
    <svg
      class="inline-block"
      stroke="currentColor"
      viewBox="0 0 18 18"
      xmlns="http://www.w3.org/2000/svg"
    >
      <path
        d="M10,5.5V1H3.5a.5.5,0,0,0-.5.5v15a.5.5,0,0,0,.5.5h11a.5.5,0,0,0,.5-.5V6H10.5A.5.5,0,0,1,10,5.5Z"
      />
      <path
        d="M11,1h.043a.5.5,0,0,1,.3535.1465l3.457,3.457A.5.5,0,0,1,15,4.957V5H11Z"
      />
    </svg>
    <span
      class="inline"
    >
      Invalid link (monako)
    </span>
  </button>
</div>
`;
