// Jest Snapshot v1, https://goo.gl/fbAQLP

exports[`MiniEditor works 1`] = `
<div>
  <div>
    <div
      class="fixed flex flex-col bottom-0 right-8 rounded drop-shadow-xl z-popup border-neutral"
      data-testid="editor-container_mini-editor-wrapper"
    >
      <div
        class="flex flex-row w-full px-2 py-1 text-sm justify-between border-b-1 border-colorNeutralBorder"
      >
        <div
          class="font-semibold flex items-center flex-grow cursor-pointer truncate select-none"
        >
          <span
            class="truncate"
          >
            magic
          </span>
        </div>
        <div
          class="flex flex-row"
        >
          <button
            aria-label="Minimize"
            class="text-xs font-600 min-w-6 h-6 px-1_5  select-none inline-flex justify-center items-center rounded-md whitespace-nowrap overflow-hidden py-1 transition-all duration-100 cursor-pointer "
            style="background-color: transparent;"
            type="button"
          >
            <span
              class="flex flex-grow-1 overflow-hidden "
              style="justify-content: center;"
            >
              <span>
                <svg
                  class=" w-4 h-4  "
                  fill="currentColor"
                  viewBox="0 0 24 24"
                  xmlns="http://www.w3.org/2000/svg"
                >
                  <path
                    d="M6.343 7.757L4.93 9.172 12 16.242l7.071-7.07-1.414-1.415L12 13.414 6.343 7.757z"
                  />
                </svg>
              </span>
            </span>
          </button>
          <button
            aria-label="Expand to full screen"
            class="text-xs font-600 min-w-6 h-6 px-1_5  select-none inline-flex justify-center items-center rounded-md whitespace-nowrap overflow-hidden py-1 transition-all duration-100 cursor-pointer "
            style="background-color: transparent;"
            type="button"
          >
            <span
              class="flex flex-grow-1 overflow-hidden "
              style="justify-content: center;"
            >
              <span>
                <svg
                  class="w-4 h-4  "
                  fill="none"
                  stroke="currentColor"
                  stroke-width="2"
                  viewBox="0 0 24 24"
                  xmlns="http://www.w3.org/2000/svg"
                >
                  <path
                    d="M4 8V4m0 0h4M4 4l5 5m11-1V4m0 0h-4m4 0l-5 5M4 16v4m0 0h4m-4 0l5-5m11 5l-5-5m5 5v-4m0 4h-4"
                    stroke-linecap="round"
                    stroke-linejoin="round"
                  />
                </svg>
              </span>
            </span>
          </button>
          <button
            aria-label="Close"
            class="text-xs font-600 min-w-6 h-6 px-1_5  select-none inline-flex justify-center items-center rounded-md whitespace-nowrap overflow-hidden py-1 transition-all duration-100 cursor-pointer "
            style="background-color: transparent;"
            type="button"
          >
            <span
              class="flex flex-grow-1 overflow-hidden "
              style="justify-content: center;"
            >
              <span>
                <svg
                  class=" w-4 h-4  "
                  fill="currentColor"
                  viewBox="0 0 24 24"
                  xmlns="http://www.w3.org/2000/svg"
                >
                  <path
                    d="M6.2253 4.81108C5.83477 4.42056 5.20161 4.42056 4.81108 4.81108C4.42056 5.20161 4.42056 5.83477 4.81108 6.2253L10.5858 12L4.81114 17.7747C4.42062 18.1652 4.42062 18.7984 4.81114 19.1889C5.20167 19.5794 5.83483 19.5794 6.22535 19.1889L12 13.4142L17.7747 19.1889C18.1652 19.5794 18.7984 19.5794 19.1889 19.1889C19.5794 18.7984 19.5794 18.1652 19.1889 17.7747L13.4142 12L19.189 6.2253C19.5795 5.83477 19.5795 5.20161 19.189 4.81108C18.7985 4.42056 18.1653 4.42056 17.7748 4.81108L12 10.5858L6.2253 4.81108Z"
                    fill="currentColor"
                  />
                </svg>
              </span>
            </span>
          </button>
        </div>
      </div>
      <div
        class="px-2 overflow-y-auto pl-6 B-editor-container_mini-editor"
      >
        <div
          class="B-editor_display-popup "
        >
          <div
            class="ProseMirror bangle-editor"
            contenteditable="true"
            translate="no"
          >
            <p>
              hello mars
            </p>
          </div>
        </div>
      </div>
    </div>
  </div>
</div>
`;
