// Jest Snapshot v1, https://goo.gl/fbAQLP

exports[`renders 1`] = `
<div>
  <div>
    <div
      class="flex flex-col flex-grow h-full smallscreen:min-h-screen overflow-y-scroll bg-colorNeutralBgLayerTop"
      data-testid="app-workspace-sidebar_workspace-sidebar"
    >
      <div
        class="flex flex-row justify-between px-2 mt-2"
      >
        <span
          class="font-bold self-center"
        >
          search notes
        </span>
        <span>
          <button
            aria-label="Hide search notes"
            class="text-sm font-600 h-8 min-w-8 px-2  select-none inline-flex justify-center items-center rounded-md whitespace-nowrap overflow-hidden py-1 transition-all duration-100 cursor-pointer "
            style="background-color: transparent;"
            type="button"
          >
            <span
              class="flex flex-grow-1 overflow-hidden "
              style="justify-content: center;"
            >
              <span>
                <svg
                  class="w-5 h-5  "
                  fill="currentColor"
                  viewBox="0 0 18 18"
                  xmlns="http://www.w3.org/2000/svg"
                >
                  <rect
                    fill="#ff13dc"
                    height="18"
                    opacity="0"
                    width="18"
                  />
                  <path
                    d="M6,9a.994.994,0,0,0,.2925.7045l3.9915,3.99a1,1,0,1,0,1.4355-1.386l-.0245-.0245L8.4095,9l3.286-3.285A1,1,0,0,0,10.309,4.28l-.0245.0245L6.293,8.2945A.994.994,0,0,0,6,9Z"
                  />
                </svg>
              </span>
            </span>
          </button>
        </span>
      </div>
      <span>
        something
      </span>
    </div>
  </div>
</div>
`;
