// Jest Snapshot v1, https://goo.gl/fbAQLP

exports[`Component renders correctly 1`] = `
<div>
  <div
    class=""
    style="overflow-y: scroll;"
  >
    <div
      class="B-ui-components_universal-palette-item BU_allow-hover "
      data-id="test-ws1-(nativefs)"
      style="cursor: pointer; display: flex; justify-content: space-between; user-select: none;"
    >
      <div
        class="flex flex-row"
      >
        <div
          class="B-ui-components_left-node"
        />
        <span>
          <span
            class="text-base font-normal"
          >
            test-ws1
          </span>
          <span
            class="B-ui-components_extra-info text-base font-light"
          >
            nativefs
          </span>
        </span>
      </div>
      <div
        class="flex flex-row"
      >
        <span
          class="B-ui-components_right-node"
        />
        <span
          class="B-ui-components_right-hover-node"
        >
          <svg
            class="fill-current  "
            style="height: 16px; width: 16px;"
            viewBox="0 0 24 24"
            xmlns="http://www.w3.org/2000/svg"
          >
            <path
              d="M6.2253 4.81108C5.83477 4.42056 5.20161 4.42056 4.81108 4.81108C4.42056 5.20161 4.42056 5.83477 4.81108 6.2253L10.5858 12L4.81114 17.7747C4.42062 18.1652 4.42062 18.7984 4.81114 19.1889C5.20167 19.5794 5.83483 19.5794 6.22535 19.1889L12 13.4142L17.7747 19.1889C18.1652 19.5794 18.7984 19.5794 19.1889 19.1889C19.5794 18.7984 19.5794 18.1652 19.1889 17.7747L13.4142 12L19.189 6.2253C19.5795 5.83477 19.5795 5.20161 19.189 4.81108C18.7985 4.42056 18.1653 4.42056 17.7748 4.81108L12 10.5858L6.2253 4.81108Z"
              fill="currentColor"
            />
          </svg>
        </span>
      </div>
    </div>
  </div>
  <div
    class="flex flex-row justify-center my-1 space "
  >
    <span
      class="text-xs ml-2 mr-2 font-light "
    >
      use:
    </span>
    <span
      class="text-xs ml-2 mr-2 font-light "
    >
      <kbd
        class="font-normal"
      >
        ↑↓
      </kbd>
       Navigate
    </span>
    <span
      class="text-xs ml-2 mr-2 font-light "
    >
      <kbd
        class="font-normal"
      >
        Enter
      </kbd>
       Open a workspace
    </span>
    <span
      class="text-xs ml-2 mr-2 font-light "
    >
      <kbd
        class="font-normal"
      >
        Ctrl
        -Enter
      </kbd>
       
      Open a in new tab
    </span>
  </div>
</div>
`;
