// Jest Snapshot v1, https://goo.gl/fbAQLP

exports[`clear rootDirHandle 1`] = `
<div>
  <div>
    <div
      class="mb-2"
    >
      <h2
        class="text-lg font-medium"
      >
        Location
      </h2>
      <span
        class="text-sm"
      >
        Select a folder where Bangle.io will put all your notes. You can use an existing folder which has Markdown notes or create a new folder.
      </span>
    </div>
    <div>
      <button
        aria-label="pick directory"
        class="B-ui-bangle-button_button p-1  transition-all duration-100  B-ui-components_misc-button-ring"
        id="new-workspace-modal_browse-button"
        type="button"
      >
        <span
          class="BU_has-icon "
        >
          test-handle
        </span>
        <svg
          class="fill-current  BU_has-text mr-1 w-4 h-4 "
          viewBox="0 0 24 24"
          xmlns="http://www.w3.org/2000/svg"
        >
          <path
            d="M6.2253 4.81108C5.83477 4.42056 5.20161 4.42056 4.81108 4.81108C4.42056 5.20161 4.42056 5.83477 4.81108 6.2253L10.5858 12L4.81114 17.7747C4.42062 18.1652 4.42062 18.7984 4.81114 19.1889C5.20167 19.5794 5.83483 19.5794 6.22535 19.1889L12 13.4142L17.7747 19.1889C18.1652 19.5794 18.7984 19.5794 19.1889 19.1889C19.5794 18.7984 19.5794 18.1652 19.1889 17.7747L13.4142 12L19.189 6.2253C19.5795 5.83477 19.5795 5.20161 19.189 4.81108C18.7985 4.42056 18.1653 4.42056 17.7748 4.81108L12 10.5858L6.2253 4.81108Z"
            fill="currentColor"
          />
        </svg>
      </button>
    </div>
  </div>
</div>
`;

exports[`renders correctly 1`] = `
<div>
  <div>
    <div
      class="mb-2"
    >
      <h2
        class="text-lg font-medium"
      >
        Location
      </h2>
      <span
        class="text-sm"
      >
        Select a folder where Bangle.io will put all your notes. You can use an existing folder which has Markdown notes or create a new folder.
      </span>
    </div>
    <div>
      <button
        aria-label="pick directory"
        class="B-ui-bangle-button_button p-1  transition-all duration-100  B-ui-components_misc-button-ring"
        id="new-workspace-modal_browse-button"
        type="button"
      >
        <span
          class="BU_has-icon "
        >
          test-handle
        </span>
        <svg
          class="fill-current  BU_has-text mr-1 w-4 h-4 "
          viewBox="0 0 24 24"
          xmlns="http://www.w3.org/2000/svg"
        >
          <path
            d="M6.2253 4.81108C5.83477 4.42056 5.20161 4.42056 4.81108 4.81108C4.42056 5.20161 4.42056 5.83477 4.81108 6.2253L10.5858 12L4.81114 17.7747C4.42062 18.1652 4.42062 18.7984 4.81114 19.1889C5.20167 19.5794 5.83483 19.5794 6.22535 19.1889L12 13.4142L17.7747 19.1889C18.1652 19.5794 18.7984 19.5794 19.1889 19.1889C19.5794 18.7984 19.5794 18.1652 19.1889 17.7747L13.4142 12L19.189 6.2253C19.5795 5.83477 19.5795 5.20161 19.189 4.81108C18.7985 4.42056 18.1653 4.42056 17.7748 4.81108L12 10.5858L6.2253 4.81108Z"
            fill="currentColor"
          />
        </svg>
      </button>
    </div>
  </div>
</div>
`;
