// Jest Snapshot v1, https://goo.gl/fbAQLP

exports[`cssCustomProperties snapshot 1`] = `
{
  "border": {
    "radius": {
      "DEFAULT": "--BV-borderRadiusDEFAULT",
      "lg": "--BV-borderRadiusLg",
      "md": "--BV-borderRadiusMd",
      "none": "--BV-borderRadiusNone",
      "sm": "--BV-borderRadiusSm",
      "xl": "--BV-borderRadiusXl",
    },
    "width": {
      "DEFAULT": "--BV-borderWidthDEFAULT",
      "lg": "--BV-borderWidthLg",
      "md": "--BV-borderWidthMd",
      "none": "--BV-borderWidthNone",
    },
  },
  "color": {
    "caution": {
      "border": "--BV-colorCautionBorder",
      "borderStrong": "--BV-colorCautionBorderStrong",
      "borderSubdued": "--BV-colorCautionBorderSubdued",
      "icon": "--BV-colorCautionIcon",
      "iconDisabled": "--BV-colorCautionIconDisabled",
      "iconSubdued": "--BV-colorCautionIconSubdued",
      "solid": "--BV-colorCautionSolid",
      "solidFaint": "--BV-colorCautionSolidFaint",
      "solidStrong": "--BV-colorCautionSolidStrong",
      "solidStronger": "--BV-colorCautionSolidStronger",
      "solidSubdued": "--BV-colorCautionSolidSubdued",
      "solidText": "--BV-colorCautionSolidText",
    },
    "critical": {
      "border": "--BV-colorCriticalBorder",
      "borderStrong": "--BV-colorCriticalBorderStrong",
      "borderSubdued": "--BV-colorCriticalBorderSubdued",
      "icon": "--BV-colorCriticalIcon",
      "iconDisabled": "--BV-colorCriticalIconDisabled",
      "iconSubdued": "--BV-colorCriticalIconSubdued",
      "solid": "--BV-colorCriticalSolid",
      "solidFaint": "--BV-colorCriticalSolidFaint",
      "solidStrong": "--BV-colorCriticalSolidStrong",
      "solidStronger": "--BV-colorCriticalSolidStronger",
      "solidSubdued": "--BV-colorCriticalSolidSubdued",
      "solidText": "--BV-colorCriticalSolidText",
    },
    "neutral": {
      "bgLayerBottom": "--BV-colorNeutralBgLayerBottom",
      "bgLayerFloat": "--BV-colorNeutralBgLayerFloat",
      "bgLayerMiddle": "--BV-colorNeutralBgLayerMiddle",
      "bgLayerTop": "--BV-colorNeutralBgLayerTop",
      "border": "--BV-colorNeutralBorder",
      "borderStrong": "--BV-colorNeutralBorderStrong",
      "borderSubdued": "--BV-colorNeutralBorderSubdued",
      "icon": "--BV-colorNeutralIcon",
      "iconDisabled": "--BV-colorNeutralIconDisabled",
      "iconSubdued": "--BV-colorNeutralIconSubdued",
      "solid": "--BV-colorNeutralSolid",
      "solidFaint": "--BV-colorNeutralSolidFaint",
      "solidStrong": "--BV-colorNeutralSolidStrong",
      "solidStronger": "--BV-colorNeutralSolidStronger",
      "solidSubdued": "--BV-colorNeutralSolidSubdued",
      "solidText": "--BV-colorNeutralSolidText",
      "text": "--BV-colorNeutralText",
      "textDisabled": "--BV-colorNeutralTextDisabled",
      "textFieldBg": "--BV-colorNeutralTextFieldBg",
      "textFieldBorder": "--BV-colorNeutralTextFieldBorder",
      "textFieldText": "--BV-colorNeutralTextFieldText",
      "textInverted": "--BV-colorNeutralTextInverted",
      "textStrong": "--BV-colorNeutralTextStrong",
      "textSubdued": "--BV-colorNeutralTextSubdued",
    },
    "positive": {
      "border": "--BV-colorPositiveBorder",
      "borderStrong": "--BV-colorPositiveBorderStrong",
      "borderSubdued": "--BV-colorPositiveBorderSubdued",
      "icon": "--BV-colorPositiveIcon",
      "iconDisabled": "--BV-colorPositiveIconDisabled",
      "iconSubdued": "--BV-colorPositiveIconSubdued",
      "solid": "--BV-colorPositiveSolid",
      "solidFaint": "--BV-colorPositiveSolidFaint",
      "solidStrong": "--BV-colorPositiveSolidStrong",
      "solidStronger": "--BV-colorPositiveSolidStronger",
      "solidSubdued": "--BV-colorPositiveSolidSubdued",
      "solidText": "--BV-colorPositiveSolidText",
    },
    "promote": {
      "border": "--BV-colorPromoteBorder",
      "borderStrong": "--BV-colorPromoteBorderStrong",
      "borderSubdued": "--BV-colorPromoteBorderSubdued",
      "icon": "--BV-colorPromoteIcon",
      "iconDisabled": "--BV-colorPromoteIconDisabled",
      "iconSubdued": "--BV-colorPromoteIconSubdued",
      "solid": "--BV-colorPromoteSolid",
      "solidFaint": "--BV-colorPromoteSolidFaint",
      "solidStrong": "--BV-colorPromoteSolidStrong",
      "solidStronger": "--BV-colorPromoteSolidStronger",
      "solidSubdued": "--BV-colorPromoteSolidSubdued",
      "solidText": "--BV-colorPromoteSolidText",
    },
    "secondary": {
      "border": "--BV-colorSecondaryBorder",
      "borderStrong": "--BV-colorSecondaryBorderStrong",
      "borderSubdued": "--BV-colorSecondaryBorderSubdued",
      "icon": "--BV-colorSecondaryIcon",
      "iconDisabled": "--BV-colorSecondaryIconDisabled",
      "iconSubdued": "--BV-colorSecondaryIconSubdued",
      "solid": "--BV-colorSecondarySolid",
      "solidFaint": "--BV-colorSecondarySolidFaint",
      "solidStrong": "--BV-colorSecondarySolidStrong",
      "solidStronger": "--BV-colorSecondarySolidStronger",
      "solidSubdued": "--BV-colorSecondarySolidSubdued",
      "solidText": "--BV-colorSecondarySolidText",
    },
  },
  "misc": {
    "activitybarBg": "--BV-miscActivitybarBg",
    "activitybarBtnBgPress": "--BV-miscActivitybarBtnBgPress",
    "activitybarText": "--BV-miscActivitybarText",
    "activitybarWidth": "--BV-miscActivitybarWidth",
    "editorAttentionBg": "--BV-miscEditorAttentionBg",
    "editorBacklinkBg": "--BV-miscEditorBacklinkBg",
    "editorBacklinkBgHover": "--BV-miscEditorBacklinkBgHover",
    "editorBacklinkText": "--BV-miscEditorBacklinkText",
    "editorBg": "--BV-miscEditorBg",
    "editorCodeBg": "--BV-miscEditorCodeBg",
    "kbdBg": "--BV-miscKbdBg",
    "kbdText": "--BV-miscKbdText",
    "linkText": "--BV-miscLinkText",
    "miniEditorWidth": "--BV-miscMiniEditorWidth",
    "noteSidebarWidth": "--BV-miscNoteSidebarWidth",
    "noteTagsBg": "--BV-miscNoteTagsBg",
    "noteTagsText": "--BV-miscNoteTagsText",
    "pageMaxWidth": "--BV-miscPageMaxWidth",
    "pagePadding": "--BV-miscPagePadding",
    "searchHighlightBg": "--BV-miscSearchHighlightBg",
    "workspaceSidebarWidth": "--BV-miscWorkspaceSidebarWidth",
  },
  "ringWidth": {
    "DEFAULT": "--BV-ringWidthDEFAULT",
    "none": "--BV-ringWidthNone",
  },
  "size": {
    "2xl": "--BV-size2xl",
    "3xl": "--BV-size3xl",
    "4xl": "--BV-size4xl",
    "5xl": "--BV-size5xl",
    "6xl": "--BV-size6xl",
    "7xl": "--BV-size7xl",
    "lg": "--BV-sizeLg",
    "md": "--BV-sizeMd",
    "prose": "--BV-sizeProse",
    "sm": "--BV-sizeSm",
    "xl": "--BV-sizeXl",
    "xs": "--BV-sizeXs",
  },
  "space": {
    "0": "--BV-space0",
    "0_5": "--BV-space0_5",
    "1": "--BV-space1",
    "10": "--BV-space10",
    "11": "--BV-space11",
    "12": "--BV-space12",
    "14": "--BV-space14",
    "16": "--BV-space16",
    "1_5": "--BV-space1_5",
    "2": "--BV-space2",
    "20": "--BV-space20",
    "24": "--BV-space24",
    "2_5": "--BV-space2_5",
    "3": "--BV-space3",
    "4": "--BV-space4",
    "48": "--BV-space48",
    "5": "--BV-space5",
    "6": "--BV-space6",
    "64": "--BV-space64",
    "7": "--BV-space7",
    "72": "--BV-space72",
    "8": "--BV-space8",
    "80": "--BV-space80",
    "9": "--BV-space9",
    "96": "--BV-space96",
    "px": "--BV-spacePx",
  },
  "theme": "--BV-theme",
  "typography": {
    "fontFamily": {
      "mono": "--BV-typographyFontFamilyMono",
      "sans": "--BV-typographyFontFamilySans",
      "serif": "--BV-typographyFontFamilySerif",
    },
    "text": {
      "2xl": {
        "height": "--BV-typographyText2xlHeight",
        "size": "--BV-typographyText2xlSize",
      },
      "3xl": {
        "height": "--BV-typographyText3xlHeight",
        "size": "--BV-typographyText3xlSize",
      },
      "base": {
        "height": "--BV-typographyTextBaseHeight",
        "size": "--BV-typographyTextBaseSize",
      },
      "lg": {
        "height": "--BV-typographyTextLgHeight",
        "size": "--BV-typographyTextLgSize",
      },
      "sm": {
        "height": "--BV-typographyTextSmHeight",
        "size": "--BV-typographyTextSmSize",
      },
      "xl": {
        "height": "--BV-typographyTextXlHeight",
        "size": "--BV-typographyTextXlSize",
      },
      "xs": {
        "height": "--BV-typographyTextXsHeight",
        "size": "--BV-typographyTextXsSize",
      },
    },
  },
  "uid": "--BV-uid",
  "widescreenWidth": "--BV-widescreenWidth",
}
`;

exports[`vars snapshot 1`] = `
{
  "border": {
    "radius": {
      "DEFAULT": "var(--BV-borderRadiusDEFAULT)",
      "lg": "var(--BV-borderRadiusLg)",
      "md": "var(--BV-borderRadiusMd)",
      "none": "var(--BV-borderRadiusNone)",
      "sm": "var(--BV-borderRadiusSm)",
      "xl": "var(--BV-borderRadiusXl)",
    },
    "width": {
      "DEFAULT": "var(--BV-borderWidthDEFAULT)",
      "lg": "var(--BV-borderWidthLg)",
      "md": "var(--BV-borderWidthMd)",
      "none": "var(--BV-borderWidthNone)",
    },
  },
  "color": {
    "caution": {
      "border": "var(--BV-colorCautionBorder)",
      "borderStrong": "var(--BV-colorCautionBorderStrong)",
      "borderSubdued": "var(--BV-colorCautionBorderSubdued)",
      "icon": "var(--BV-colorCautionIcon)",
      "iconDisabled": "var(--BV-colorCautionIconDisabled)",
      "iconSubdued": "var(--BV-colorCautionIconSubdued)",
      "solid": "var(--BV-colorCautionSolid)",
      "solidFaint": "var(--BV-colorCautionSolidFaint)",
      "solidStrong": "var(--BV-colorCautionSolidStrong)",
      "solidStronger": "var(--BV-colorCautionSolidStronger)",
      "solidSubdued": "var(--BV-colorCautionSolidSubdued)",
      "solidText": "var(--BV-colorCautionSolidText)",
    },
    "critical": {
      "border": "var(--BV-colorCriticalBorder)",
      "borderStrong": "var(--BV-colorCriticalBorderStrong)",
      "borderSubdued": "var(--BV-colorCriticalBorderSubdued)",
      "icon": "var(--BV-colorCriticalIcon)",
      "iconDisabled": "var(--BV-colorCriticalIconDisabled)",
      "iconSubdued": "var(--BV-colorCriticalIconSubdued)",
      "solid": "var(--BV-colorCriticalSolid)",
      "solidFaint": "var(--BV-colorCriticalSolidFaint)",
      "solidStrong": "var(--BV-colorCriticalSolidStrong)",
      "solidStronger": "var(--BV-colorCriticalSolidStronger)",
      "solidSubdued": "var(--BV-colorCriticalSolidSubdued)",
      "solidText": "var(--BV-colorCriticalSolidText)",
    },
    "neutral": {
      "bgLayerBottom": "var(--BV-colorNeutralBgLayerBottom)",
      "bgLayerFloat": "var(--BV-colorNeutralBgLayerFloat)",
      "bgLayerMiddle": "var(--BV-colorNeutralBgLayerMiddle)",
      "bgLayerTop": "var(--BV-colorNeutralBgLayerTop)",
      "border": "var(--BV-colorNeutralBorder)",
      "borderStrong": "var(--BV-colorNeutralBorderStrong)",
      "borderSubdued": "var(--BV-colorNeutralBorderSubdued)",
      "icon": "var(--BV-colorNeutralIcon)",
      "iconDisabled": "var(--BV-colorNeutralIconDisabled)",
      "iconSubdued": "var(--BV-colorNeutralIconSubdued)",
      "solid": "var(--BV-colorNeutralSolid)",
      "solidFaint": "var(--BV-colorNeutralSolidFaint)",
      "solidStrong": "var(--BV-colorNeutralSolidStrong)",
      "solidStronger": "var(--BV-colorNeutralSolidStronger)",
      "solidSubdued": "var(--BV-colorNeutralSolidSubdued)",
      "solidText": "var(--BV-colorNeutralSolidText)",
      "text": "var(--BV-colorNeutralText)",
      "textDisabled": "var(--BV-colorNeutralTextDisabled)",
      "textFieldBg": "var(--BV-colorNeutralTextFieldBg)",
      "textFieldBorder": "var(--BV-colorNeutralTextFieldBorder)",
      "textFieldText": "var(--BV-colorNeutralTextFieldText)",
      "textInverted": "var(--BV-colorNeutralTextInverted)",
      "textStrong": "var(--BV-colorNeutralTextStrong)",
      "textSubdued": "var(--BV-colorNeutralTextSubdued)",
    },
    "positive": {
      "border": "var(--BV-colorPositiveBorder)",
      "borderStrong": "var(--BV-colorPositiveBorderStrong)",
      "borderSubdued": "var(--BV-colorPositiveBorderSubdued)",
      "icon": "var(--BV-colorPositiveIcon)",
      "iconDisabled": "var(--BV-colorPositiveIconDisabled)",
      "iconSubdued": "var(--BV-colorPositiveIconSubdued)",
      "solid": "var(--BV-colorPositiveSolid)",
      "solidFaint": "var(--BV-colorPositiveSolidFaint)",
      "solidStrong": "var(--BV-colorPositiveSolidStrong)",
      "solidStronger": "var(--BV-colorPositiveSolidStronger)",
      "solidSubdued": "var(--BV-colorPositiveSolidSubdued)",
      "solidText": "var(--BV-colorPositiveSolidText)",
    },
    "promote": {
      "border": "var(--BV-colorPromoteBorder)",
      "borderStrong": "var(--BV-colorPromoteBorderStrong)",
      "borderSubdued": "var(--BV-colorPromoteBorderSubdued)",
      "icon": "var(--BV-colorPromoteIcon)",
      "iconDisabled": "var(--BV-colorPromoteIconDisabled)",
      "iconSubdued": "var(--BV-colorPromoteIconSubdued)",
      "solid": "var(--BV-colorPromoteSolid)",
      "solidFaint": "var(--BV-colorPromoteSolidFaint)",
      "solidStrong": "var(--BV-colorPromoteSolidStrong)",
      "solidStronger": "var(--BV-colorPromoteSolidStronger)",
      "solidSubdued": "var(--BV-colorPromoteSolidSubdued)",
      "solidText": "var(--BV-colorPromoteSolidText)",
    },
    "secondary": {
      "border": "var(--BV-colorSecondaryBorder)",
      "borderStrong": "var(--BV-colorSecondaryBorderStrong)",
      "borderSubdued": "var(--BV-colorSecondaryBorderSubdued)",
      "icon": "var(--BV-colorSecondaryIcon)",
      "iconDisabled": "var(--BV-colorSecondaryIconDisabled)",
      "iconSubdued": "var(--BV-colorSecondaryIconSubdued)",
      "solid": "var(--BV-colorSecondarySolid)",
      "solidFaint": "var(--BV-colorSecondarySolidFaint)",
      "solidStrong": "var(--BV-colorSecondarySolidStrong)",
      "solidStronger": "var(--BV-colorSecondarySolidStronger)",
      "solidSubdued": "var(--BV-colorSecondarySolidSubdued)",
      "solidText": "var(--BV-colorSecondarySolidText)",
    },
  },
  "misc": {
    "activitybarBg": "var(--BV-miscActivitybarBg)",
    "activitybarBtnBgPress": "var(--BV-miscActivitybarBtnBgPress)",
    "activitybarText": "var(--BV-miscActivitybarText)",
    "activitybarWidth": "var(--BV-miscActivitybarWidth)",
    "editorAttentionBg": "var(--BV-miscEditorAttentionBg)",
    "editorBacklinkBg": "var(--BV-miscEditorBacklinkBg)",
    "editorBacklinkBgHover": "var(--BV-miscEditorBacklinkBgHover)",
    "editorBacklinkText": "var(--BV-miscEditorBacklinkText)",
    "editorBg": "var(--BV-miscEditorBg)",
    "editorCodeBg": "var(--BV-miscEditorCodeBg)",
    "kbdBg": "var(--BV-miscKbdBg)",
    "kbdText": "var(--BV-miscKbdText)",
    "linkText": "var(--BV-miscLinkText)",
    "miniEditorWidth": "var(--BV-miscMiniEditorWidth)",
    "noteSidebarWidth": "var(--BV-miscNoteSidebarWidth)",
    "noteTagsBg": "var(--BV-miscNoteTagsBg)",
    "noteTagsText": "var(--BV-miscNoteTagsText)",
    "pageMaxWidth": "var(--BV-miscPageMaxWidth)",
    "pagePadding": "var(--BV-miscPagePadding)",
    "searchHighlightBg": "var(--BV-miscSearchHighlightBg)",
    "workspaceSidebarWidth": "var(--BV-miscWorkspaceSidebarWidth)",
  },
  "ringWidth": {
    "DEFAULT": "var(--BV-ringWidthDEFAULT)",
    "none": "var(--BV-ringWidthNone)",
  },
  "size": {
    "2xl": "var(--BV-size2xl)",
    "3xl": "var(--BV-size3xl)",
    "4xl": "var(--BV-size4xl)",
    "5xl": "var(--BV-size5xl)",
    "6xl": "var(--BV-size6xl)",
    "7xl": "var(--BV-size7xl)",
    "lg": "var(--BV-sizeLg)",
    "md": "var(--BV-sizeMd)",
    "prose": "var(--BV-sizeProse)",
    "sm": "var(--BV-sizeSm)",
    "xl": "var(--BV-sizeXl)",
    "xs": "var(--BV-sizeXs)",
  },
  "space": {
    "0": "var(--BV-space0)",
    "0_5": "var(--BV-space0_5)",
    "1": "var(--BV-space1)",
    "10": "var(--BV-space10)",
    "11": "var(--BV-space11)",
    "12": "var(--BV-space12)",
    "14": "var(--BV-space14)",
    "16": "var(--BV-space16)",
    "1_5": "var(--BV-space1_5)",
    "2": "var(--BV-space2)",
    "20": "var(--BV-space20)",
    "24": "var(--BV-space24)",
    "2_5": "var(--BV-space2_5)",
    "3": "var(--BV-space3)",
    "4": "var(--BV-space4)",
    "48": "var(--BV-space48)",
    "5": "var(--BV-space5)",
    "6": "var(--BV-space6)",
    "64": "var(--BV-space64)",
    "7": "var(--BV-space7)",
    "72": "var(--BV-space72)",
    "8": "var(--BV-space8)",
    "80": "var(--BV-space80)",
    "9": "var(--BV-space9)",
    "96": "var(--BV-space96)",
    "px": "var(--BV-spacePx)",
  },
  "theme": "var(--BV-theme)",
  "typography": {
    "fontFamily": {
      "mono": "var(--BV-typographyFontFamilyMono)",
      "sans": "var(--BV-typographyFontFamilySans)",
      "serif": "var(--BV-typographyFontFamilySerif)",
    },
    "text": {
      "2xl": {
        "height": "var(--BV-typographyText2xlHeight)",
        "size": "var(--BV-typographyText2xlSize)",
      },
      "3xl": {
        "height": "var(--BV-typographyText3xlHeight)",
        "size": "var(--BV-typographyText3xlSize)",
      },
      "base": {
        "height": "var(--BV-typographyTextBaseHeight)",
        "size": "var(--BV-typographyTextBaseSize)",
      },
      "lg": {
        "height": "var(--BV-typographyTextLgHeight)",
        "size": "var(--BV-typographyTextLgSize)",
      },
      "sm": {
        "height": "var(--BV-typographyTextSmHeight)",
        "size": "var(--BV-typographyTextSmSize)",
      },
      "xl": {
        "height": "var(--BV-typographyTextXlHeight)",
        "size": "var(--BV-typographyTextXlSize)",
      },
      "xs": {
        "height": "var(--BV-typographyTextXsHeight)",
        "size": "var(--BV-typographyTextXsSize)",
      },
    },
  },
  "uid": "var(--BV-uid)",
  "widescreenWidth": "var(--BV-widescreenWidth)",
}
`;
